============================= test session starts =============================
platform win32 -- Python 3.12.2, pytest-7.4.3, pluggy-1.6.0 -- C:\Users\BFLCOMP01\AppData\Local\Programs\Python\Python312\python.exe
cachedir: .pytest_cache
rootdir: C:\Users\BFLCOMP01\Desktop\honeycomb agent
configfile: pytest.ini
plugins: anyio-3.7.1, asyncio-0.21.1, cov-4.1.0, mock-3.12.0
asyncio: mode=Mode.STRICT
collecting ... collected 2 items

tests/test_scam_detection.py::TestScamDetectionEngine::test_contact_information_request_detection FAILED [ 50%]
tests/test_scam_detection.py::TestScamDetectionEngine::test_conversation_flow_analysis FAILED [100%]

================================== FAILURES ===================================
_____ TestScamDetectionEngine.test_contact_information_request_detection ______

self = <tests.test_scam_detection.TestScamDetectionEngine object at 0x000001A86DA3F170>

    def test_contact_information_request_detection(self):
        """Test detection of contact information requests."""
        test_cases = [
            ("Please share your phone number", True),
            ("Send me your mobile number", True),
            ("Give your bank details", True),
            ("Provide your account number", True),
            ("What is your PIN number", True),
            ("Share your password", True),
            ("Nice to meet you", False),
            ("How are you doing", False),
        ]
    
        for message, should_detect in test_cases:
            risk_score, confidence = self.engine.calculate_risk_score(message)
            if should_detect:
>               assert risk_score > 0.08, f"Should detect contact request in: {message}"  # Lowered from 0.1
E               AssertionError: Should detect contact request in: Please share your phone number
E               assert 0.075 > 0.08

tests\test_scam_detection.py:94: AssertionError
---------------------------- Captured stdout setup ----------------------------
{"timestamp": "2026-02-04T07:45:56.630563Z", "level": "INFO", "logger": "app.core.ml_detection", "message": "Model loaded from C:\\Users\\BFLCOMP01\\Desktop\\honeycomb agent\\models", "module": "ml_detection", "function": "_load_model", "line": 857, "taskName": null}
----------------------------- Captured log setup ------------------------------
INFO     app.core.ml_detection:ml_detection.py:857 Model loaded from C:\Users\BFLCOMP01\Desktop\honeycomb agent\models
---------------------------- Captured stdout call -----------------------------
{"timestamp": "2026-02-04T07:45:56.631578Z", "level": "INFO", "logger": "audit.audit", "message": "AUDIT: RISK_ASSESSMENT - LOW", "module": "audit_logger", "function": "_log_audit_event", "line": 1001, "session_id": "unknown", "taskName": null, "audit_data": {"audit_event_id": "3b511a5b-2d3b-4a66-a197-09d41d81a826", "event_type": "risk_assessment", "severity": "low", "timestamp": "2026-02-04T07:45:56.631578Z", "session_id": "unknown", "correlation_id": null, "processing_time_ms": 0, "user_agent": null, "client_ip": null, "event_data": {"session_id": "unknown", "message_id": null, "risk_score": 0.075, "confidence": 0.43828125, "detection_method": "combined", "risk_factors": ["contact_info_request"], "contributing_factors": {"analysis_components": {"rule_based": 0.0, "keyword_analysis": 0.25, "pattern_matching": 0.0, "contextual_analysis": 0.0, "ml_classification": 0.0}, "risk_factor_categories": {"information_gathering": ["contact_info_request"]}, "confidence_factors": {"ml_agreement": false, "multiple_indicators": false, "contextual_support": false}, "temporal_analysis": false, "conversation_flow": false, "cross_session_patterns": false}, "decision_rationale": "LOW RISK (score: 0.07) - Few or no scam indicators detected. Low confidence (0.44) in assessment. Key risk factors: contact_info_request. Significant analysis components: Keyword (0.25).", "rule_based_score": 0.0, "keyword_score": 0.25, "pattern_score": 0.0, "context_score": 0.0, "ml_score": 0.0, "conversation_turn": 1, "message_length": 30, "language": "en", "ml_prediction": null, "temporal_patterns": null, "cross_session_patterns": null}}, "searchable_fields": {"event_type": "risk_assessment", "severity": "low", "session_id": "unknown", "timestamp": "2026-02-04T07:45:56.631578Z", "risk_score": 0.075, "confidence": 0.43828125, "detection_method": "combined", "risk_factors": ["contact_info_request"], "language": "en", "conversation_turn": 1}}
{"timestamp": "2026-02-04T07:45:56.631578Z", "level": "INFO", "logger": "app.core.scam_detection", "message": "Risk assessment completed", "module": "scam_detection", "function": "calculate_risk_score", "line": 308, "session_id": "unknown", "risk_score": 0.075, "taskName": null, "audit_event_id": "3b511a5b-2d3b-4a66-a197-09d41d81a826", "confidence": 0.43828125, "method": "combined", "risk_factors": ["contact_info_request"], "processing_time_ms": 0}
------------------------------ Captured log call ------------------------------
INFO     audit.audit:audit_logger.py:1001 AUDIT: RISK_ASSESSMENT - LOW
INFO     app.core.scam_detection:scam_detection.py:308 Risk assessment completed
___________ TestScamDetectionEngine.test_conversation_flow_analysis ___________

self = <tests.test_scam_detection.TestScamDetectionEngine object at 0x000001A86DA48110>

    def test_conversation_flow_analysis(self):
        """Test conversation flow and engagement tactic detection."""
        conversation_history = [
            {"role": "user", "content": "Hello, I am bank officer from SBI"},  # Authority claim
            {"role": "assistant", "content": "How can I help?"},
            {"role": "user", "content": "Trust me, your account has suspicious activity"},  # Trust building + fear
            {"role": "assistant", "content": "What should I do?"},
            {"role": "user", "content": "Urgent action needed - many customers affected"},  # Urgency + social proof
            {"role": "assistant", "content": "I'm concerned"},
            {"role": "user", "content": "Send your account details to verify identity"},  # Information request
        ]
    
        current_message = "Immediate penalty will be applied if you don't comply"
    
        assessment = self.engine.analyze_message(current_message, conversation_history, {})
    
        # Should detect multiple engagement tactics
        tactic_factors = [factor for factor in assessment.risk_factors if 'tactic' in factor]
        assert len(tactic_factors) >= 2, f"Should detect multiple tactics: {tactic_factors}"
    
        # Should detect conversation stage progression
        stage_factors = [factor for factor in assessment.risk_factors if 'stage' in factor]
        assert len(stage_factors) > 0, f"Should detect conversation stage: {stage_factors}"
    
        # Should have high risk score due to multiple tactics
>       assert assessment.risk_score > 0.5, f"Should have high risk for multiple tactics: {assessment.risk_score}"
E       AssertionError: Should have high risk for multiple tactics: 0.41535
E       assert 0.41535 > 0.5
E        +  where 0.41535 = RiskAssessment(risk_score=0.41535, confidence=0.83953125, detection_method=<DetectionMethod.COMBINED: 'combined'>, risk_factors=['repeated_financial_requests', 'rapid_fire_messaging_pattern', 'suspiciously_fast_responses', 'social_engineering_1', 'social_proof_tactic', 'authority_claims_history', 'authority_impersonation_tactic', 'trust_building_history', 'information_request_detected', 'matches_common_scam_pattern', 'pressure_application_stage', 'high_message_frequency', 'similar_session_detected', 'urgency_escalation_detected', 'multiple_topic_shifts', 'very_fast_responses', 'progressive_info_gathering'], details={'rule_based_score': 0.15, 'keyword_score': 0.0, 'pattern_score': 0.0, 'context_score': 0.6, 'contextual_analysis': {'temporal_patterns_detected': True, 'conversation_flow_analyzed': True, 'cross_session_patterns': True, 'engagement_tactics_detected': ['authority_impersonation_tactic', 'social_proof_tactic']}}, ml_prediction=None).risk_score

tests\test_scam_detection.py:206: AssertionError
---------------------------- Captured stdout setup ----------------------------
{"timestamp": "2026-02-04T07:45:56.962009Z", "level": "INFO", "logger": "app.core.ml_detection", "message": "Model loaded from C:\\Users\\BFLCOMP01\\Desktop\\honeycomb agent\\models", "module": "ml_detection", "function": "_load_model", "line": 857, "taskName": null}
----------------------------- Captured log setup ------------------------------
INFO     app.core.ml_detection:ml_detection.py:857 Model loaded from C:\Users\BFLCOMP01\Desktop\honeycomb agent\models
============================== warnings summary ===============================
config\settings.py:12
  C:\Users\BFLCOMP01\Desktop\honeycomb agent\config\settings.py:12: PydanticDeprecatedSince20: Support for class-based `config` is deprecated, use ConfigDict instead. Deprecated in Pydantic V2.0 to be removed in V3.0. See Pydantic V2 Migration Guide at https://errors.pydantic.dev/2.12/migration/
    class DatabaseSettings(BaseSettings):

config\settings.py:45
  C:\Users\BFLCOMP01\Desktop\honeycomb agent\config\settings.py:45: PydanticDeprecatedSince20: Support for class-based `config` is deprecated, use ConfigDict instead. Deprecated in Pydantic V2.0 to be removed in V3.0. See Pydantic V2 Migration Guide at https://errors.pydantic.dev/2.12/migration/
    class RedisSettings(BaseSettings):

config\settings.py:73
  C:\Users\BFLCOMP01\Desktop\honeycomb agent\config\settings.py:73: PydanticDeprecatedSince20: Support for class-based `config` is deprecated, use ConfigDict instead. Deprecated in Pydantic V2.0 to be removed in V3.0. See Pydantic V2 Migration Guide at https://errors.pydantic.dev/2.12/migration/
    class Settings(BaseSettings):

app\database\models.py:20
  C:\Users\BFLCOMP01\Desktop\honeycomb agent\app\database\models.py:20: MovedIn20Warning: The ``declarative_base()`` function is now available as sqlalchemy.orm.declarative_base(). (deprecated since: 2.0) (Background on SQLAlchemy 2.0 at: https://sqlalche.me/e/b8d9)
    Base = declarative_base()

..\..\AppData\Local\Programs\Python\Python312\Lib\site-packages\dateutil\tz\tz.py:37
  C:\Users\BFLCOMP01\AppData\Local\Programs\Python\Python312\Lib\site-packages\dateutil\tz\tz.py:37: DeprecationWarning: datetime.datetime.utcfromtimestamp() is deprecated and scheduled for removal in a future version. Use timezone-aware objects to represent datetimes in UTC: datetime.datetime.fromtimestamp(timestamp, datetime.UTC).
    EPOCH = datetime.datetime.utcfromtimestamp(0)

app\core\agent_activation.py:117
  C:\Users\BFLCOMP01\Desktop\honeycomb agent\app\core\agent_activation.py:117: DeprecationWarning: datetime.datetime.utcnow() is deprecated and scheduled for removal in a future version. Use timezone-aware objects to represent datetimes in UTC: datetime.datetime.now(datetime.UTC).
    'last_reset': datetime.utcnow()

<frozen importlib._bootstrap>:488
  <frozen importlib._bootstrap>:488: DeprecationWarning: Type google._upb._message.MessageMapContainer uses PyType_Spec with a metaclass that has custom tp_new. This is deprecated and will no longer be allowed in Python 3.14.

<frozen importlib._bootstrap>:488
  <frozen importlib._bootstrap>:488: DeprecationWarning: Type google._upb._message.ScalarMapContainer uses PyType_Spec with a metaclass that has custom tp_new. This is deprecated and will no longer be allowed in Python 3.14.

app\main.py:170
  C:\Users\BFLCOMP01\Desktop\honeycomb agent\app\main.py:170: DeprecationWarning: 
          on_event is deprecated, use lifespan event handlers instead.
  
          Read more about it in the
          [FastAPI docs for Lifespan Events](https://fastapi.tiangolo.com/advanced/events/).
          
    @app.on_event("startup")

..\..\AppData\Local\Programs\Python\Python312\Lib\site-packages\fastapi\applications.py:4547
..\..\AppData\Local\Programs\Python\Python312\Lib\site-packages\fastapi\applications.py:4547
  C:\Users\BFLCOMP01\AppData\Local\Programs\Python\Python312\Lib\site-packages\fastapi\applications.py:4547: DeprecationWarning: 
          on_event is deprecated, use lifespan event handlers instead.
  
          Read more about it in the
          [FastAPI docs for Lifespan Events](https://fastapi.tiangolo.com/advanced/events/).
          
    return self.router.on_event(event_type)

app\main.py:199
  C:\Users\BFLCOMP01\Desktop\honeycomb agent\app\main.py:199: DeprecationWarning: 
          on_event is deprecated, use lifespan event handlers instead.
  
          Read more about it in the
          [FastAPI docs for Lifespan Events](https://fastapi.tiangolo.com/advanced/events/).
          
    @app.on_event("shutdown")

tests/test_scam_detection.py::TestScamDetectionEngine::test_contact_information_request_detection
tests/test_scam_detection.py::TestScamDetectionEngine::test_contact_information_request_detection
tests/test_scam_detection.py::TestScamDetectionEngine::test_contact_information_request_detection
tests/test_scam_detection.py::TestScamDetectionEngine::test_conversation_flow_analysis
  C:\Users\BFLCOMP01\Desktop\honeycomb agent\app\core\logging.py:20: DeprecationWarning: datetime.datetime.utcnow() is deprecated and scheduled for removal in a future version. Use timezone-aware objects to represent datetimes in UTC: datetime.datetime.now(datetime.UTC).
    "timestamp": datetime.utcnow().isoformat() + "Z",

tests/test_scam_detection.py::TestScamDetectionEngine::test_contact_information_request_detection
  C:\Users\BFLCOMP01\Desktop\honeycomb agent\app\core\audit_logger.py:236: DeprecationWarning: datetime.datetime.utcnow() is deprecated and scheduled for removal in a future version. Use timezone-aware objects to represent datetimes in UTC: datetime.datetime.now(datetime.UTC).
    timestamp=datetime.utcnow(),

..\..\AppData\Local\Programs\Python\Python312\Lib\site-packages\_pytest\cacheprovider.py:451
  C:\Users\BFLCOMP01\AppData\Local\Programs\Python\Python312\Lib\site-packages\_pytest\cacheprovider.py:451: PytestCacheWarning: cache could not write path C:\Users\BFLCOMP01\Desktop\honeycomb agent\.pytest_cache\v\cache\nodeids: [Errno 13] Permission denied: 'C:\\Users\\BFLCOMP01\\Desktop\\honeycomb agent\\.pytest_cache\\v\\cache\\nodeids'
    config.cache.set("cache/nodeids", sorted(self.cached_nodeids))

..\..\AppData\Local\Programs\Python\Python312\Lib\site-packages\_pytest\cacheprovider.py:405
  C:\Users\BFLCOMP01\AppData\Local\Programs\Python\Python312\Lib\site-packages\_pytest\cacheprovider.py:405: PytestCacheWarning: cache could not write path C:\Users\BFLCOMP01\Desktop\honeycomb agent\.pytest_cache\v\cache\lastfailed: [Errno 13] Permission denied: 'C:\\Users\\BFLCOMP01\\Desktop\\honeycomb agent\\.pytest_cache\\v\\cache\\lastfailed'
    config.cache.set("cache/lastfailed", self.lastfailed)

..\..\AppData\Local\Programs\Python\Python312\Lib\site-packages\_pytest\stepwise.py:56
  C:\Users\BFLCOMP01\AppData\Local\Programs\Python\Python312\Lib\site-packages\_pytest\stepwise.py:56: PytestCacheWarning: cache could not write path C:\Users\BFLCOMP01\Desktop\honeycomb agent\.pytest_cache\v\cache\stepwise: [Errno 13] Permission denied: 'C:\\Users\\BFLCOMP01\\Desktop\\honeycomb agent\\.pytest_cache\\v\\cache\\stepwise'
    session.config.cache.set(STEPWISE_CACHE_DIR, [])

-- Docs: https://docs.pytest.org/en/stable/how-to/capture-warnings.html
=========================== short test summary info ===========================
FAILED tests/test_scam_detection.py::TestScamDetectionEngine::test_contact_information_request_detection
FAILED tests/test_scam_detection.py::TestScamDetectionEngine::test_conversation_flow_analysis
======================= 2 failed, 20 warnings in 0.42s ========================
